[akashshanmugaraj.wixsite.com/portfolio.html]
[static.parastorage.com/unpkg/core-js-bundle@3.2.1/minified.js]
[static.parastorage.com/unpkg/focus-within-polyfill@5.0.9/dist/focus-within-polyfill.js]
[backblue.gif]
[fade.gif]
[index.html]
[polyfill.io/v3/polyfill.mind82c.js]
[browser.sentry-cdn.com/6.18.2/bundle.min.js]
[akashshanmugaraj.wixsite.com/decodeURIComponent(e]
[akashshanmugaraj.wixsite.com/sitemap.xml]
[akashshanmugaraj.wixsite.com/feed.xml]
[static.parastorage.com/services/wix-thunderbolt/dist/bootstrap-features.f040a3aa.bundle.min.js]
[static.parastorage.com/services/wix-thunderbolt/dist/main.9afa3dea.bundle.min.js]
[static.parastorage.com/unpkg/lodash@4.17.21/lodash.min.js]
[static.parastorage.com/unpkg/react@16.14.0/umd/react.production.min.js]
[static.parastorage.com/services/wix-code-platform/1.1097.90/elementory-browser-support.min.js]
[static.parastorage.com/services/tag-manager-client/1.427.0/siteTags.bundle.min.js]
[static.parastorage.com/services/wix-perf-measure/1.1041.0/wix-perf-measure.bundle.min.js]
[static.parastorage.com/unpkg/react-dom@16.14.0/umd/react-dom.production.min.js]
[akashshanmugaraj.wixsite.com/index.html]
[akashshanmugaraj.wixsite.com/eec152dc.min.css]
[akashshanmugaraj.wixsite.com/b604fd33.min.css]
[akashshanmugaraj.wixsite.com/version/index.html]
[akashshanmugaraj.wixsite.com/7c602eb2.min.css]
[akashshanmugaraj.wixsite.com/4da3e2b2.min.css]
[akashshanmugaraj.wixsite.com/2b8b066f.min.css]
[akashshanmugaraj.wixsite.com/2a3ba4df.min.css]
[akashshanmugaraj.wixsite.com/d36dae34.chunk.min.js]
[akashshanmugaraj.wixsite.com/eff8ef10.chunk.min.js]
[akashshanmugaraj.wixsite.com/rb_wixui.thunderbolt_bootstrap-classic.97ab5669.chunk.min.js]
[akashshanmugaraj.wixsite.com/rb_wixui.thunderbolt_bootstrap-responsive.f3ca696f.chunk.min.css]
[akashshanmugaraj.wixsite.com/rb_wixui.thunderbolt_bootstrap-responsive.eff8ef10.chunk.min.js]
[akashshanmugaraj.wixsite.com/rb_wixui.thunderbolt_common-site-members-dialogs.384b0b57.chunk.min.css]
[akashshanmugaraj.wixsite.com/rb_wixui.thunderbolt_common-site-members-dialogs.50ebdcfa.chunk.min.js]
[akashshanmugaraj.wixsite.com/rb_wixui.thunderbolt_bootstrap.f47ae840.chunk.min.css]
[akashshanmugaraj.wixsite.com/rb_wixui.thunderbolt_bootstrap.d36dae34.chunk.min.js]
[akashshanmugaraj.wixsite.com/portfolio/creative-portfolio.html]
[akashshanmugaraj.wixsite.com/portfolio/dev-portfolio.html]
[akashshanmugaraj.wixsite.com/portfolio/achievements.html]
[static.wixstatic.com/media/a00ca3_8333d0c08a4a433e8c128a951c5c1494_mv2.jpg/v1/crop/x_105,y_0,w_4973,h_3456/fill/w_708,h_492,al_c,q_80,usm_0.66_1.00_0.01,enc_auto/IMG_6640_JPG.jpg]
[static.wixstatic.com/media/99ec98fdb81945c29c25a3ad6c5606b1.jpg/v1/fill/w_81,h_54,al_c,q_80,usm_0.66_1.00_0.01,blur_2,enc_auto/99ec98fdb81945c29c25a3ad6c5606b1.jpg]
[akashshanmugaraj.wixsite.com/portfolio.html]
[akashshanmugaraj.wixsite.com/decodeURIComponent(e.html]
[akashshanmugaraj.wixsite.com/sitemap.html]
[akashshanmugaraj.wixsite.com/feed.html]
[akashshanmugaraj.wixsite.com/index.html]
[akashshanmugaraj.wixsite.com/version/index.html]
[akashshanmugaraj.wixsite.com/eec152dc.min.html]
[akashshanmugaraj.wixsite.com/b604fd33.min.html]
[akashshanmugaraj.wixsite.com/7c602eb2.min.html]
[akashshanmugaraj.wixsite.com/4da3e2b2.min.html]
[akashshanmugaraj.wixsite.com/2b8b066f.min.html]
[akashshanmugaraj.wixsite.com/2a3ba4df.min.html]
[akashshanmugaraj.wixsite.com/d36dae34.chunk.min.html]
[akashshanmugaraj.wixsite.com/eff8ef10.chunk.min.html]
[akashshanmugaraj.wixsite.com/rb_wixui.thunderbolt_bootstrap-classic.97ab5669.chunk.min.html]
[akashshanmugaraj.wixsite.com/rb_wixui.thunderbolt_bootstrap-responsive.f3ca696f.chunk.min.html]
[akashshanmugaraj.wixsite.com/rb_wixui.thunderbolt_bootstrap-responsive.eff8ef10.chunk.min.html]
[akashshanmugaraj.wixsite.com/rb_wixui.thunderbolt_common-site-members-dialogs.384b0b57.chunk.min.html]
[akashshanmugaraj.wixsite.com/rb_wixui.thunderbolt_common-site-members-dialogs.50ebdcfa.chunk.min.html]
[akashshanmugaraj.wixsite.com/rb_wixui.thunderbolt_bootstrap.f47ae840.chunk.min.html]
[akashshanmugaraj.wixsite.com/rb_wixui.thunderbolt_bootstrap.d36dae34.chunk.min.html]
[akashshanmugaraj.wixsite.com/portfolio/decodeURIComponent(e]
[akashshanmugaraj.wixsite.com/portfolio/robots.txt]
[akashshanmugaraj.wixsite.com/portfolio/sitemap.xml]
[akashshanmugaraj.wixsite.com/portfolio/feed.xml]
[akashshanmugaraj.wixsite.com/portfolio/4da3e2b2.min.css]
[akashshanmugaraj.wixsite.com/portfolio/d36dae34.chunk.min.js]
[akashshanmugaraj.wixsite.com/portfolio/version/index.html]
[akashshanmugaraj.wixsite.com/portfolio/eff8ef10.chunk.min.js]
[akashshanmugaraj.wixsite.com/portfolio/rb_wixui.thunderbolt_bootstrap-classic.97ab5669.chunk.min.js]
[akashshanmugaraj.wixsite.com/portfolio/rb_wixui.thunderbolt_bootstrap-responsive.f3ca696f.chunk.min.css]
[akashshanmugaraj.wixsite.com/portfolio/rb_wixui.thunderbolt_bootstrap-responsive.eff8ef10.chunk.min.js]
[akashshanmugaraj.wixsite.com/portfolio/rb_wixui.thunderbolt_bootstrap.f47ae840.chunk.min.css]
[akashshanmugaraj.wixsite.com/portfolio/rb_wixui.thunderbolt_bootstrap.d36dae34.chunk.min.js]
[static.parastorage.com/services/pro-gallery-santa-wrapper/1.2739.0/staticCss.min.css]
[static.wixstatic.com/media/a00ca3_135f952b2a814fb1aec9bce4899c53d9_mv2.png/v1/fill/w_749,h_131,q_90/a00ca3_135f952b2a814fb1aec9bce4899c53d9_mv2.png]
[static.wixstatic.com/media/a00ca3_d2679976232f475ba065be5074334f88_mv2.png/v1/fill/w_749,h_147,q_90/a00ca3_d2679976232f475ba065be5074334f88_mv2.png]
[static.wixstatic.com/media/a00ca3_d3b1941e4f934d26819c1c7682f87217_mv2.png/v1/fill/w_749,h_146,q_90/a00ca3_d3b1941e4f934d26819c1c7682f87217_mv2.png]
[static.wixstatic.com/media/a00ca3_6867111841c941b394282c6e0ccbc8c4_mv2.png/v1/fill/w_749,h_131,q_90/a00ca3_6867111841c941b394282c6e0ccbc8c4_mv2.png]
[akashshanmugaraj.wixsite.com/portfolio/creative-portfolio.html]
[static.wixstatic.com/media/nsplsh_34292b211fde465c99aaae31bc995730_mv2.jpg/v1/fill/w_77,h_57,al_c,q_80,usm_0.66_1.00_0.01,blur_2,enc_auto/nsplsh_34292b211fde465c99aaae31bc995730_mv2.jpg]
[akashshanmugaraj.wixsite.com/portfolio/dev-portfolio.html]
[static.wixstatic.com/media/a00ca3_b8b368a012184559a654bb32ecc19f39_mv2.jpg/v1/fill/w_90,h_138,al_c,q_80,usm_0.66_1.00_0.01,blur_2,enc_auto/a00ca3_b8b368a012184559a654bb32ecc19f39_mv2.jpg]
[akashshanmugaraj.wixsite.com/portfolio/achievements.html]
[akashshanmugaraj.wixsite.com/portfolio/decodeURIComponent(e.html]
[akashshanmugaraj.wixsite.com/portfolio/robots.html]
[akashshanmugaraj.wixsite.com/portfolio/feed.html]
[akashshanmugaraj.wixsite.com/portfolio/version/index.html]
[akashshanmugaraj.wixsite.com/portfolio/4da3e2b2.min.html]
[akashshanmugaraj.wixsite.com/portfolio/d36dae34.chunk.min.html]
[akashshanmugaraj.wixsite.com/portfolio/eff8ef10.chunk.min.html]
[akashshanmugaraj.wixsite.com/portfolio/rb_wixui.thunderbolt_bootstrap-classic.97ab5669.chunk.min.html]
[akashshanmugaraj.wixsite.com/portfolio/rb_wixui.thunderbolt_bootstrap-responsive.f3ca696f.chunk.min.html]
[akashshanmugaraj.wixsite.com/portfolio/rb_wixui.thunderbolt_bootstrap-responsive.eff8ef10.chunk.min.html]
[akashshanmugaraj.wixsite.com/portfolio/rb_wixui.thunderbolt_bootstrap.f47ae840.chunk.min.html]
[akashshanmugaraj.wixsite.com/portfolio/rb_wixui.thunderbolt_bootstrap.d36dae34.chunk.min.html]
[static.parastorage.com/services/pro-gallery-santa-wrapper/1.2739.0/staticCss.min.css]
[static.parastorage.com/services/pro-gallery-santa-wrapper/1.2739.0/media/emptystate.f4c750b6.svg]
[static.parastorage.com/services/pro-gallery-santa-wrapper/1.2739.0/media/emptystate.f4c750b6.svg]
